{
  "errors": [],
  "paths": {
    "_comment": "<add --verbose for a list of skipped paths>",
    "scanned": [
      "targets/basic/stupid.py"
    ]
  },
  "results": [
    {
      "check_id": "rules.eqeq-is-bad",
      "end": {
        "col": 26,
        "line": 3,
        "offset": 69
      },
      "extra": {
        "fingerprint": "e8d0f59db458909d8f586b3ec58ab3d2d3885d31e8d96a0516f3a808d67657d05723fd92dea8e37bf271e14e27496fcfd9f9d33555d4f9607702dc214f667788_0",
        "is_ignored": false,
        "lines": "    return a + b == a + b",
        "message": "useless comparison operation `a + b == a + b` or `a + b != a + b`; possible bug?",
        "metadata": {
          "shortlink": "https://sg.run/xyz1"
        },
        "metavars": {
          "$X": {
            "abstract_content": "a+b",
            "end": {
              "col": 17,
              "line": 3,
              "offset": 60
            },
            "start": {
              "col": 12,
              "line": 3,
              "offset": 55
            },
            "unique_id": {
              "md5sum": "<masked in tests>",
              "type": "AST"
            }
          }
        },
        "severity": "ERROR"
      },
      "path": "targets/basic/stupid.py",
      "start": {
        "col": 12,
        "line": 3,
        "offset": 55
      }
    }
  ],
  "version": "0.42"
}