Scanning 4 files.


Ran 4 rules on 4 files: 4 findings.
