Scanning 2 files.

Traceback (most recent call last):
  File "/home/runner/work/semgrep/semgrep/semgrep/semgrep/commands/wrapper.py", line 39, in wrapper
    func(*args, **kwargs)
  File "/home/runner/work/semgrep/semgrep/semgrep/semgrep/commands/scan.py", line 882, in scan
    ) = semgrep.semgrep_main.main(
  File "/home/runner/work/semgrep/semgrep/semgrep/semgrep/semgrep_main.py", line 353, in main
    rule_matches_by_rule, semgrep_errors, all_targets, profiling_data = run_rules(
  File "/home/runner/work/semgrep/semgrep/semgrep/semgrep/semgrep_main.py", line 149, in run_rules
    ) = core_runner.invoke_semgrep(
  File "/home/runner/work/semgrep/semgrep/semgrep/semgrep/core_runner.py", line 758, in invoke_semgrep
    ) = self._run_rules_direct_to_semgrep_core(
  File "/home/runner/work/semgrep/semgrep/semgrep/semgrep/core_runner.py", line 719, in _run_rules_direct_to_semgrep_core
    findings_cache.save(plan, outputs)
  File "/home/runner/work/semgrep/semgrep/semgrep/semgrep/cache.py", line 34, in save
    task = next(
StopIteration
